// Jest Snapshot v1, https://goo.gl/fbAQLP

exports[`App renders the app correctly 1`] = `
<Container
  fluid={false}
>
  <Jumbotron
    fluid={false}
  >
    <h1>
      Hello World
    </h1>
  </Jumbotron>
</Container>
`;
